Target: https://comdebstage.wpengine.com/  |  basic-auth: yes  |  render: False  |  pages: 254

[  1/254]      79/100  /business-insolvency/articles-insights-hub/  [heading-skips,unnamed-interactive]
[  2/254] OK 100/100  /energy-provider-insolvency/  [-]
[  3/254] OK 100/100  /advice/what-are-a-company-directors-duties-to-avoid-and-disclose-conflicts-of-interest/  [-]
[  4/254] OK 100/100  /county-court-judgements/  [-]
[  5/254] OK 100/100  /advice/directors-disqualification/  [-]
[  6/254] OK 100/100  /sample-letters/i-need-more-information-about-this-debt/  [-]
[  7/254] OK 100/100  /sample-letters/i-have-no-knowledge-of-this-debt/  [-]
[  8/254] OK 100/100  /advice/what-is-the-companies-act-2006/  [-]
[  9/254] OK 100/100  /bounce-back-loan-support-hub/cant-pay-coronavirus-business-interruption-loan-cbils/  [-]
[ 10/254]      92/100  /advice/unenforceable-personal-guarantee/  [generic-link-text]
[ 11/254] OK 100/100  /advice/can-personal-assets-of-directors-be-seized-from-a-ltd-company/  [-]
[ 12/254] OK 100/100  /advice/losing-house-if-company-goes-bust/  [-]
[ 13/254] OK 100/100  /insolvency/personally-liabilty-of-company-secretary/  [-]
[ 14/254] OK 100/100  /advice/misfeasance/  [-]
[ 15/254] OK 100/100  /advice/personal-guarantee-insurance/  [-]
[ 16/254] OK 100/100  /advice/what-are-the-duties-and-responsibilities-of-a-company-director/  [-]
[ 17/254] OK 100/100  /advice/the-risks-of-signing-a-personal-guarantee/  [-]
[ 18/254] OK 100/100  /insolvency/shareholders-liable-company-debts/  [-]
[ 19/254] OK 100/100  /company-rescue-solutions/partnership-voluntary-arrangements/  [-]
[ 20/254] OK 100/100  /company-rescue-solutions/company-voluntary-arrangement/making-employees-redundant-cva/  [-]
[ 21/254] OK 100/100  /company-administration/vs-cva/  [-]
[ 22/254] OK 100/100  /hmrc/hmrc-criminal-investigations/  [-]
[ 23/254] OK 100/100  /hmrc/hmrc-tax-investigations/  [-]
[ 24/254] OK 100/100  /advice/what-are-phoenix-companies/  [-]
[ 25/254] OK 100/100  /director-redundancy/  [-]
[ 26/254] OK 100/100  /liquidation/liquidation-deadlines-and-time-limits/  [-]
[ 27/254] OK 100/100  /liquidation/what-happens-to-directors-in-liquidation/  [-]
[ 28/254] OK 100/100  /liquidation/whats-the-risk-of-being-disqualified-as-a-director/  [-]
[ 29/254] OK 100/100  /liquidation/leases-and-contracts-in-liquidation/  [-]
[ 30/254] OK 100/100  /liquidation/can-i-start-a-new-company-after-liquidating-my-old-one/  [-]
[ 31/254] OK 100/100  /liquidation/liquidation-vs-dissolution-strike-off/  [-]
[ 32/254] OK 100/100  /receivership-mean-business/  [-]
[ 33/254]      97/100  /case-studies-hub/  [heading-skips]
[ 34/254] OK 100/100  /advice/what-is-a-directors-responsibility-for-accountancy-errors/  [-]
[ 35/254] OK 100/100  /company-rescue-solutions/company-voluntary-arrangement/director-guarantees-in-a-cva/  [-]
[ 36/254] OK 100/100  /company-rescue-solutions/company-voluntary-arrangement/pros-and-cons/  [-]
[ 37/254] OK 100/100  /company-rescue-solutions/company-voluntary-arrangement/use-a-cva-to-close-a-company/  [-]
[ 38/254] OK 100/100  /hmrc/personal-liability-notices/  [-]
[ 39/254] OK 100/100  /hmrc/security-bond-notices/  [-]
[ 40/254] OK 100/100  /insolvency/what-is-the-insolvency-service/  [-]
[ 41/254] OK 100/100  /liquidation/ccj-when-going-insolvent/  [-]
[ 42/254] OK 100/100  /liquidation/company-pensions-and-liquidation/  [-]
[ 43/254] OK 100/100  /liquidation/what-happens-after-company-liquidation/  [-]
[ 44/254] OK 100/100  /mental-health-debt-stress-support/  [-]
[ 45/254] OK 100/100  /professional-services-insolvency/  [-]
[ 46/254] OK 100/100  /sample-letters/hold-action-on-my-account/  [-]
[ 47/254] OK 100/100  /sample-letters/write-off-my-debt/  [-]
[ 48/254] OK 100/100  /advice/directors-personal-guarantees/  [-]
[ 49/254] OK 100/100  /advice/personal-liability-for-cbils-loans/  [-]
[ 50/254] OK 100/100  /company-rescue-solutions/company-voluntary-arrangement/when-a-cva-fails/  [-]
[ 51/254] OK 100/100  /guides-resources-hub/  [-]
[ 52/254] OK 100/100  /liquidation/alternatives-to-company-liquidation/  [-]
[ 53/254] OK 100/100  /liquidation/can-directors-go-to-prison-for-company-debt/  [-]
[ 54/254] OK 100/100  /liquidation/liquidation-hub/  [-]
[ 55/254] OK 100/100  /sample-letters/i-cannot-afford-to-repay-my-debt/  [-]
[ 56/254] OK 100/100  /sector-insolvency-hub/  [-]
[ 57/254] OK 100/100  /company-administration/vs-administrative-receivership/  [-]
[ 58/254] OK 100/100  /insolvency/preferential-payments-during-insolvency/  [-]
[ 59/254] OK 100/100  /sample-letters/tell-debt-collector-to-stop-contacting-you/  [-]
[ 60/254] OK 100/100  /insolvency/what-is-an-individual-voluntary-arrangement/  [-]
[ 61/254] OK 100/100  /construction-insolvency/  [-]
[ 62/254] OK 100/100  /insolvency/secured-vs-unsecured-creditors/  [-]
[ 63/254] OK 100/100  /insolvency/what-to-do-about-customer-insolvency/  [-]
[ 64/254] OK 100/100  /insolvency/preferential-non-preferential-creditors/  [-]
[ 65/254] OK 100/100  /charity-non-profit-insolvency/  [-]
[ 66/254] OK 100/100  /liquidation/what-happens-if-a-creditor-takes-me-to-court/  [-]
[ 67/254] OK 100/100  /liquidation/can-directors-pay-themselves-before-liquidation/  [-]
[ 68/254] OK 100/100  /liquidation/what-happens-if-a-director-hides-company-assets/  [-]
[ 69/254] OK 100/100  /liquidation/what-happens-if-i-stop-paying-company-debts/  [-]
[ 70/254] OK 100/100  /liquidation/seek-insolvency-advice-before-missing-payments/  [-]
[ 71/254] OK 100/100  /liquidation/when-should-a-director-stop-trading/  [-]
[ 72/254] OK 100/100  /liquidation/should-i-close-my-company-or-try-to-save-it/  [-]
[ 73/254] OK 100/100  /liquidation/insolvency-myths-debunked/  [-]
[ 74/254] OK 100/100  /liquidation/insolvency-vs-bankruptcy/  [-]
[ 75/254] OK 100/100  /liquidation/list-of-liquidation-documents/  [-]
[ 76/254] OK 100/100  /liquidation/insolvency-checklist/  [-]
[ 77/254] OK 100/100  /liquidation/uk-insolvency-flowchart/  [-]
[ 78/254] OK 100/100  /liquidation/uk-insolvency-glossary/  [-]
[ 79/254] OK 100/100  /liquidation/director-conduct-review/  [-]
[ 80/254]      97/100  /liquidation/business-bank-account-in-liquidation/  [heading-skips]
[ 81/254] OK 100/100  /liquidation/can-i-choose-my-liquidator/  [-]
[ 82/254] OK 100/100  /liquidation/hmrc-as-a-creditor-in-liquidation/  [-]
[ 83/254] OK 100/100  /company-rescue-solutions/company-voluntary-arrangement/what-happens-if-a-cva-fails-mid-term/  [-]
[ 84/254] OK 100/100  /liquidation/winding-up-petition-vs-compulsory-liquidation/  [-]
[ 85/254] OK 100/100  /company-administration/light-touch-administration/  [-]
[ 86/254] OK 100/100  /liquidation/cva-vs-strike-off-vs-liquidation/  [-]
[ 87/254] OK 100/100  /company-administration/company-voluntary-arrangement-vs-administration-which-to-choose/  [-]
[ 88/254] OK 100/100  /liquidation/liquidating-a-group-company-or-holding-company-in-the-uk/  [-]
[ 89/254] OK 100/100  /liquidation/can-you-liquidate-to-avoid-paying-suppliers/  [-]
[ 90/254] OK 100/100  /liquidation/can-i-liquidate-a-dormant-company/  [-]
[ 91/254] OK 100/100  /liquidation/can-i-liquidate-my-company-with-a-bounce-back-loan/  [-]
[ 92/254] OK 100/100  /liquidation/voluntary-liquidation/  [-]
[ 93/254] OK 100/100  /liquidation/paying-staff-but-not-hmrc-before-liquidation/  [-]
[ 94/254] OK 100/100  /liquidation/redundancy-payments-for-directors-in-an-mvl/  [-]
[ 95/254] OK 100/100  /liquidation/what-happens-if-a-director-resigns-before-liquidation/  [-]
[ 96/254] OK 100/100  /liquidation/liquidating-a-charity-or-non-profit/  [-]
[ 97/254] OK 100/100  /liquidation/liquidating-a-limited-liability-partnership/  [-]
[ 98/254] OK 100/100  /liquidation/company-restoration-after-liquidation/  [-]
[ 99/254] OK 100/100  /liquidation/liquidators-powers-and-duties/  [-]
[100/254] OK 100/100  /liquidation/how-to-challenge-a-liquidators-decisions-or-fees/  [-]
[101/254] OK 100/100  /liquidation/creditor-meetings-in-liquidation/  [-]
[102/254] OK 100/100  /liquidation/how-to-prove-your-debt-in-company-liquidation/  [-]
[103/254] OK 100/100  /liquidation/company-vehicles-and-equipment-in-liquidation/  [-]
[104/254] OK 100/100  /liquidation/company-property-and-real-estate-in-liquidation/  [-]
[105/254] OK 100/100  /liquidation/directors-conduct-report-2/  [-]
[106/254] OK 100/100  /liquidation/how-to-choose-the-right-insolvency-procedure/  [-]
[107/254] OK 100/100  /liquidation/voluntary-vs-compulsory-liquidation/  [-]
[108/254] OK 100/100  /liquidation/how-to-prepare-for-company-liquidation/  [-]
[109/254] OK 100/100  /liquidation/cant-afford-to-liquidate/  [-]
[110/254] OK 100/100  /liquidation/which-creditors-get-paid-first/  [-]
[111/254] OK 100/100  /debt-charities-uk/  [-]
[112/254] OK 100/100  /manufacturing-insolvency/  [-]
[113/254] OK 100/100  /transport-haulage-insolvency/  [-]
[114/254]      97/100  /liquidation/bailiffs-high-court-enforcement-officers/  [heading-skips]
[115/254] OK 100/100  /hmrc/hmrc-penalties-investigations/  [-]
[116/254]      97/100  /liquidation/am-i-solvent/  [heading-skips]
[117/254] OK 100/100  /advice/overdrawn-directors-loan-accounts/  [-]
[118/254] OK 100/100  /company-administration/notice-of-intention-to-appoint-administrators/  [-]
[119/254] OK 100/100  /company-cash-flow-problems/when-employers-cant-afford-redundancy-payments/  [-]
[120/254] OK 100/100  /company-cash-flow-problems/cant-pay-a-company-mortgage/  [-]
[121/254] OK 100/100  /company-cash-flow-problems/challenge-a-statutory-demand/  [-]
[122/254] OK 100/100  /advice/directors-duties-to-creditors/  [-]
[123/254] OK 100/100  /company-cash-flow-problems/company-is-having-financial-difficulties/  [-]
[124/254] OK 100/100  /advice/get-free-business-debt-advice/  [-]
[125/254] OK 100/100  /advice/are-directors-personally-liable-for-company-debts/  [-]
[126/254] OK 100/100  /advice/preventing-company-director-disputes/  [-]
[127/254] OK 100/100  /advice/how-to-legally-take-money-out-of-a-limited-company/  [-]
[128/254] OK 100/100  /advice/funding-options-for-smes-in-the-uk/  [-]
[129/254] OK 100/100  /insolvency/creditor-negotiations/  [-]
[130/254] OK 100/100  /insolvency/business-recovery-services/  [-]
[131/254] OK 100/100  /insolvency/what-are-the-warning-signs-of-an-insolvent-company/  [-]
[132/254] OK 100/100  /insolvency/can-you-sell-your-insolvent-company/  [-]
[133/254] OK 100/100  /insolvency/how-to-save-a-struggling-business/  [-]
[134/254] OK 100/100  /insolvency/rescue-your-business-from-insolvency/  [-]
[135/254] OK 100/100  /insolvency/how-to-reduce-insolvency-risk/  [-]
[136/254] OK 100/100  /insolvency/dealing-with-creditor-pressure/  [-]
[137/254] OK 100/100  /company-cash-flow-problems/what-is-a-statutory-demand-against-a-company/  [-]
[138/254] OK 100/100  /company-cash-flow-problems/cant-afford-to-pay-suppliers-what-are-the-options/  [-]
[139/254] OK 100/100  /company-cash-flow-problems/why-debt-is-not-always-a-bad-thing-for-your-business/  [-]
[140/254] OK 100/100  /hmrc/accelerated-payment-notices-apn/  [-]
[141/254] OK 100/100  /insolvency/antecedent-transactions/  [-]
[142/254] OK 100/100  /advice/can-a-director-be-made-bankrupt-if-a-business-fails/  [-]
[143/254] OK 100/100  /winding-up-petitions/dealing-with-an-hmrc-winding-up-petition/  [-]
[144/254] OK 100/100  /winding-up-petitions/what-is-a-winding-up-order/  [-]
[145/254] OK 100/100  /insolvency/what-is-wrongful-trading/  [-]
[146/254] OK 100/100  /closing-a-limited-company/  [-]
[147/254] OK 100/100  /company-cash-flow-problems/cant-pay-business-energy/  [-]
[148/254]      92/100  /advice/writing-off-a-directors-loan-account/  [generic-link-text]
[149/254] OK 100/100  /bounce-back-loan-support-hub/can-i-lose-my-house-with-a-bounce-back-loan/  [-]
[150/254] OK 100/100  /sample-letters/cease-trading-template/  [-]
[151/254] OK 100/100  /sample-letters/request-a-reduced-monthly-payment/  [-]
[152/254] OK 100/100  /insolvency/find-a-liquidator-near-me/  [-]
[153/254] OK 100/100  /insolvency/creditors-meeting/  [-]
[154/254] OK 100/100  /insolvency/insolvency-act-1986/  [-]
[155/254] OK 100/100  /liquidation/creditors-voluntary-liquidation/  [-]
[156/254] OK 100/100  /insolvency/what-is-a-creditor/  [-]
[157/254] OK 100/100  /bounce-back-loan-support-hub/bounce-back-loan-fraud/  [-]
[158/254] OK 100/100  /company-cash-flow-problems/cant-pay-staff-wages/  [-]
[159/254] OK 100/100  /company-cash-flow-problems/cant-afford-to-repay-business-loan/  [-]
[160/254] OK 100/100  /bounce-back-loan-support-hub/dissolving-a-company-with-bounce-back-loan/  [-]
[161/254] OK 100/100  /bounce-back-loan-support-hub/what-happens-if-i-default/  [-]
[162/254] OK 100/100  /bounce-back-loan-support-hub/directors-liability-for-bounce-back-loans/  [-]
[163/254] OK 100/100  /insolvency/what-happens-if-a-company-cannot-pay-its-debts/  [-]
[164/254] OK 100/100  /insolvency/what-is-a-high-court-writ/  [-]
[165/254] OK 100/100  /company-cash-flow-problems/cant-pay-a-commercial-lease-or-rent/  [-]
[166/254] OK 100/100  /advice/business-restructuring/  [-]
[167/254] OK 100/100  /insolvency/personal-liability-spouses-business-debts/  [-]
[168/254] OK 100/100  /company-cash-flow-problems/biggest-struggles-for-small-business-owners/  [-]
[169/254] OK 100/100  /insolvency/stop-or-avoid-insolvency/  [-]
[170/254]      92/100  /company-cash-flow-problems/cant-pay-business-rates/  [generic-link-text]
[171/254] OK 100/100  /insolvency/cease-trading/  [-]
[172/254] OK 100/100  /advice/debt-management-guide/  [-]
[173/254] OK 100/100  /business-debt-advice/  [-]
[174/254] OK 100/100  /insolvency/validation-order/  [-]
[175/254] OK 100/100  /hmrc/time-to-pay-hmrc/  [-]
[176/254] OK 100/100  /advice/what-are-fixed-and-floating-charges/  [-]
[177/254] OK 100/100  /insolvency/what-is-a-freezing-order-or-injunction/  [-]
[178/254] OK 100/100  /winding-up-petitions/  [-]
[179/254] OK 100/100  /insolvency/can-we-trade-out-of-insolvency/  [-]
[180/254] OK 100/100  /hmrc/cant-pay-vat/  [-]
[181/254] OK 100/100  /liquidation/how-much-does-liquidation-cost/  [-]
[182/254] OK 100/100  /insolvency/limited-company-bankruptcy/  [-]
[183/254] OK 100/100  /advice/what-is-limited-liability/  [-]
[184/254] OK 100/100  /advice/can-director-criminal-record/  [-]
[185/254] OK 100/100  /company-rescue-solutions/company-voluntary-arrangement/vs-liquidation/  [-]
[186/254] OK 100/100  /insolvency/retail-industry-insolvency-trends/  [-]
[187/254] OK 100/100  /liquidation/timeline/  [-]
[188/254] OK 100/100  /hmrc/hmrc-offices-contact-guide/  [-]
[189/254] OK 100/100  /hmrc/hmrc-follower-notice/  [-]
[190/254] OK 100/100  /insolvency/check-if-a-company-is-insolvent/  [-]
[191/254] OK 100/100  /hmrc/problems-paying-corporation-tax-hmrc/  [-]
[192/254] OK 100/100  /liquidation/members-voluntary-liquidation/  [-]
[193/254] OK 100/100  /liquidation/what-happens-to-employees/  [-]
[194/254] OK 100/100  /hmrc/vat-penalties/  [-]
[195/254] OK 100/100  /hmrc/tax-penalties/  [-]
[196/254] OK 100/100  /hmrc/hmrc-fraud-investigations/  [-]
[197/254] OK 100/100  /advice/frozen-bank-account/  [-]
[198/254] OK 100/100  /insolvency/insolvency-test/  [-]
[199/254] OK 100/100  /insolvency/statement-of-affairs/  [-]
[200/254] OK 100/100  /hmrc/understanding-hmrc-debt-collection/  [-]
[201/254] OK 100/100  /hmrc/what-can-hmrc-bailiffs-take/  [-]
[202/254] OK 100/100  /hmrc/controlled-goods-agreement/  [-]
[203/254] OK 100/100  /insolvency/what-is-an-insolvency-practitioner/  [-]
[204/254] OK 100/100  /hmrc/notice-of-enforcement/  [-]
[205/254] OK 100/100  /hmrc/joint-and-several-liability-for-unpaid-vat/  [-]
[206/254] OK 100/100  /hmrc/security-bonds/  [-]
[207/254] OK 100/100  /hmrc/hmrc-compliance-checks/  [-]
[208/254] OK 100/100  /hmrc/distraint-order-notice/  [-]
[209/254] OK 100/100  /company-rescue-solutions/pre-packs/  [-]
[210/254] OK 100/100  /hmrc/hmrc-threatening-letters/  [-]
[211/254] OK 100/100  /liquidation/compulsory-liquidation/  [-]
[212/254] OK 100/100  /company-rescue-solutions/  [-]
[213/254] OK 100/100  /hmrc/corporation-tax-penalties/  [-]
[214/254] OK 100/100  /insolvency-news-commentary/  [-]
[215/254] OK 100/100  /insolvency/transactions-at-undervalue/  [-]
[216/254] OK 100/100  /uk-insolvency-statistics/  [-]
[217/254] OK 100/100  /liquidation/company-strike-off-and-dissolution/directors-responsibilities-after-a-company-is-struck-off/  [-]
[218/254] OK 100/100  /liquidation/liquidating-a-company-with-no-assets-or-bank-account-uk/  [-]
[219/254] OK 100/100  /liquidation/company-strike-off-and-dissolution/can-i-be-sued-after-my-company-is-dissolved/  [-]
[220/254] OK 100/100  /liquidation/  [-]
[221/254]      97/100  /advice/  [heading-skips]
[222/254]      97/100  /bounce-back-loan-support-hub/  [heading-skips]
[223/254] OK 100/100  /company-administration/  [-]
[224/254] OK 100/100  /company-rescue-solutions/company-voluntary-arrangement/  [-]
[225/254] OK 100/100  /company-cash-flow-problems/  [-]
[226/254] OK 100/100  /insolvency/  [-]
[227/254] OK 100/100  /hmrc/  [-]
[228/254] OK 100/100  /liquidation/company-strike-off-and-dissolution/  [-]
[229/254]      97/100  /sample-letters/  [heading-skips]
[230/254] OK 100/100  /advice/insolvency-advice-for-directors/  [-]
[231/254] OK 100/100  /hmrc/what-happens-if-hmrc-rejects-your-time-to-pay-arrangement/  [-]
[232/254] OK 100/100  /hmrc/what-happens-if-you-ignore-hmrc-letters/  [-]
[233/254] OK 100/100  /hmrc/can-hmrc-shut-down-my-business/  [-]
[234/254] OK 100/100  /hmrc/what-happens-if-hmrc-sends-bailiffs-to-a-business/  [-]
[235/254] OK 100/100  /hmrc/what-happens-if-hmrc-freezes-your-business-bank-account/  [-]
[236/254] OK 100/100  /hmrc/pay-hmrc-or-suppliers-first/  [-]
[237/254] OK 100/100  /sector-specific-insolvency/  [-]
[238/254] OK 100/100  /director-protection-hub/  [-]
[239/254] OK 100/100  /company-rescue-recovery-hub/  [-]
[240/254] OK 100/100  /hmrc/hmrc-debt-enforcement-hub/  [-]
[241/254] OK 100/100  /hospitality-restaurant-insolvency/  [-]
[242/254] OK 100/100  /care-home-insolvency/  [-]
[243/254] OK 100/100  /hmrc/hmrc-enforcement-action/  [-]
[244/254] OK 100/100  /debt-creditor-pressure-hub/  [-]
[245/254] OK 100/100  /insolvency/insolvent-company-investigations/  [-]
[246/254] OK 100/100  /insolvency/lpa-receivership/  [-]
[247/254] OK 100/100  /insolvency/insolvent-company-owes-me-money/  [-]
[248/254] OK 100/100  /liquidation/what-happens-if-a-director-transfers-assets-before-insolvency/  [-]
[249/254]      97/100  /liquidation/can-a-supplier-force-my-company-into-liquidation/  [heading-skips]
[250/254] OK 100/100  /liquidation/intellectual-property-and-trading-assets-in-liquidation/  [-]
[251/254]      97/100  /liquidation/can-a-director-be-sued-personally-by-creditors/  [heading-skips]
[252/254] OK 100/100  /advice/hmrcs-ir35-investigations-different/  [-]
[253/254] OK 100/100  /hmrc/cant-pay-paye/  [-]
[254/254]      97/100  /meet-the-team/  [heading-skips]

========================================================================
SWEEP SUMMARY  --  240/254 pages at 100/100
========================================================================
  [serious ] unnamed-interactive             1 page(s)  per-page
             Interactive elements with no accessible name
  [moderate] generic-link-text               3 page(s)  per-page
             Non-descriptive link text ("click here", "view deal", ...)
  [minor   ] heading-skips                  11 page(s)  per-page
             Heading level skips

JSON written to runtime-packs/a11y_sweep_static_after.json
